[backblue.gif]
[fade.gif]
[index.html]
[www.buffalonews.com/editorial/20040504/1053764.html]
[www.buffalonews.com/css/buffnewsns.css]
[www.buffalonews.com/images/redesign/background.gif]
[www.buffalonews.com/includes/bnfunction.js]
[www.buffalonews.com/images/space.gif]
[www.buffalonews.com/images/redesign/nav_news_head.gif]
[c5.zedo.com/jsc/c5/ff2.js]
[www.buffalo.com/images/uppercase/C.gif]
[www.buffalonews.com/images/redesign/nav_front.gif]
[www.buffalonews.com/images/redesign/nav_cityregion_d.gif]
[www.buffalonews.com/images/redesign/nav_buffalo.gif]
[www.buffalonews.com/images/redesign/nav_southernsuburbs.gif]
[www.buffalonews.com/images/redesign/nav_northernsuburbs.gif]
[www.buffalonews.com/images/redesign/nav_eriecounty.gif]
[www.buffalonews.com/images/redesign/nav_easternsuburbs.gif]
[www.buffalonews.com/images/redesign/nav_westernnewyork.gif]
[www.buffalonews.com/images/redesign/nav_niagaraweekend.gif]
[www.buffalonews.com/images/redesign/nav_niagaracounty.gif]
[www.buffalonews.com/images/redesign/nav_aroundtown.gif]
[www.buffalonews.com/images/redesign/nav_ontarioniagara.gif]
[www.buffalonews.com/images/redesign/nav_columns.gif]
[www.buffalonews.com/images/redesign/nav_schools.gif]
[www.buffalonews.com/images/redesign/nav_corrections.gif]
[www.buffalonews.com/images/redesign/nav_sundayneighborhoods.gif]
[www.buffalonews.com/images/redesign/nav_statistics.gif]
[www.buffalonews.com/images/redesign/nav_specialreportbridges.gif]
[www.buffalonews.com/images/redesign/nav_Sports.gif]
[www.buffalonews.com/images/redesign/nav_NationalWorld.gif]
[www.buffalonews.com/images/redesign/nav_Business.gif]
[www.buffalonews.com/images/redesign/nav_Opinion.gif]
[www.buffalonews.com/images/redesign/nav_Deaths.gif]
[www.buffalonews.com/images/redesign/nav_LifeArts.gif]
[www.buffalonews.com/images/redesign/nav_Entertainment.gif]
[www.buffalonews.com/images/redesign/nav_Classified.gif]
[www.buffalonews.com/images/redesign/nav_weekly_head.gif]
[www.buffalonews.com/images/redesign/nav_yourmoneyweeklyf.gif]
[www.buffalonews.com/images/redesign/nav_gustoweeklyf.gif]
[www.buffalonews.com/images/redesign/nav_nextweeklyf.gif]
[www.buffalonews.com/images/redesign/nav_firstsundayweeklyf.gif]
[www.buffalonews.com/images/redesign/nav_tvtopicsweeklyf.gif]
[www.buffalonews.com/images/redesign/nav_more_head.gif]
[www.buffalonews.com/images/redesign/more_nav_airport.gif]
[www.buffalonews.com/images/redesign/more_nav_job.gif]
[www.buffalonews.com/images/redesign/more_nav_classroom.gif]
[www.buffalonews.com/images/redesign/more_nav_lotto.gif]
[www.buffalonews.com/images/redesign/more_nav_pets911.gif]
[www.buffalonews.com/images/redesign/more_nav_post_cards.gif]
[www.buffalonews.com/images/redesign/more_nav_home_sales.gif]
[www.buffalonews.com/images/redesign/more_nav_traffic.gif]
[www.buffalonews.com/images/redesign/nav_wny_websites_head.gif]
[www.buffalonews.com/images/redesign/more_nav_wny_cams.gif]
[www.buffalonews.com/images/redesign/wny_nav_education.gif]
[www.buffalonews.com/images/redesign/wny_nav_family.gif]
[www.buffalonews.com/images/redesign/wny_nav_govt.gif]
[www.buffalonews.com/images/redesign/wny_nav_community.gif]
[www.buffalonews.com/images/redesign/nav_dir_head.gif]
[www.buffalonews.com/images/go4.gif]
[www.buffalonews.com/images/maxSearch_new.gif]
[www.buffalonews.com/images/redesign/tools_bg.gif]
[www.buffalonews.com/images/redesign/marketplace.gif]
[www.buffalonews.com/images/zoom_in.gif]
[www.buffalonews.com/graphics/2004/05/04/actualsize/0504a1budget.jpg]
[www.buffalonews.com/graphics/2004/05/04/0504a1budget.jpg]
[www.buffalonews.com/graphics/2004/05/04/actualsize/0504lab.jpg]
[www.buffalonews.com/graphics/2004/05/04/0504lab.jpg]
[www.buffalonews.com/images/redesign/tile_disp_ads.gif]
[www.buffalonews.com/images/redesign/bottom_top.gif]
[www.buffalonews.com/images/subfooter.gif]
[www.buffalonews.com/images/redesign/logo1.gif]
[www.buffalonews.com/images/redesign/logo2.gif]
[www.buffalonews.com/images/redesign/logo4.gif]
[www.buffalonews.com/images/redesign/logo5.gif]
[www.buffalonews.com/images/redesign/logo6.gif]
[www.buffalonews.com/images/redesign/nav_cityregion_d_over.gif]
