[backblue.gif]
[fade.gif]
[index.html]
[www.buffalonews.com/editorial/20040430/1052988.html]
[www.buffalonews.com/css/buffnewsns.css]
[www.buffalonews.com/images/redesign/background.gif]
[www.buffalonews.com/includes/bnfunction.js]
[www.buffalonews.com/images/space.gif]
[c5.zedo.com/jsc/c5/ff2.js]
[www.buffalo.com/images/uppercase/C.gif]
[www.buffalonews.com/images/redesign/nav_news_head.gif]
[www.buffalonews.com/images/redesign/nav_front.gif]
[www.buffalonews.com/images/redesign/nav_CityRegion.gif]
[www.buffalonews.com/images/redesign/nav_Sports.gif]
[www.buffalonews.com/images/redesign/nav_Business.gif]
[www.buffalonews.com/images/redesign/nav_state.gif]
[www.buffalonews.com/images/redesign/nav_nationalworld_d.gif]
[www.buffalonews.com/images/redesign/nav_national.gif]
[www.buffalonews.com/images/redesign/nav_international.gif]
[www.buffalonews.com/images/redesign/nav_behindtheheadlines.gif]
[www.buffalonews.com/images/redesign/nav_Opinion.gif]
[www.buffalonews.com/images/redesign/nav_Deaths.gif]
[www.buffalonews.com/images/redesign/nav_LifeArts.gif]
[www.buffalonews.com/images/redesign/nav_Entertainment.gif]
[www.buffalonews.com/images/redesign/nav_weekly_head.gif]
[www.buffalonews.com/images/redesign/nav_Classified.gif]
[www.buffalonews.com/images/redesign/nav_yourmoneyweeklyf.gif]
[www.buffalonews.com/images/redesign/nav_nextweeklyf.gif]
[www.buffalonews.com/images/redesign/nav_gustoweeklyf.gif]
[www.buffalonews.com/images/redesign/nav_firstsundayweeklyf.gif]
[www.buffalonews.com/images/redesign/nav_more_head.gif]
[www.buffalonews.com/images/redesign/nav_tvtopicsweeklyf.gif]
[www.buffalonews.com/images/redesign/more_nav_ap_news.gif]
[www.buffalonews.com/images/maxSearch_new.gif]
[www.buffalonews.com/images/redesign/nav_dir_head.gif]
[www.buffalonews.com/images/redesign/marketplace.gif]
[www.buffalonews.com/images/go4.gif]
[www.buffalonews.com/images/redesign/tools_bg.gif]
[www.buffalonews.com/editorial/20040430/pdf/1052988.pdf]
[www.buffalonews.com/images/zoom_in.gif]
[www.buffalonews.com/graphics/2004/04/30/actualsize/0430haick.jpg]
[www.buffalonews.com/graphics/2004/04/30/0430haick.jpg]
[www.buffalonews.com/images/redesign/tile_disp_ads.gif]
[www.buffalonews.com/images/redesign/bottom_top.gif]
[www.buffalonews.com/images/subfooter.gif]
[www.buffalonews.com/images/redesign/logo1.gif]
[www.buffalonews.com/images/redesign/logo2.gif]
[www.buffalonews.com/images/redesign/logo4.gif]
[www.buffalonews.com/images/redesign/logo5.gif]
[www.buffalonews.com/images/redesign/logo6.gif]
[www.buffalonews.com/images/redesign/nav_cityregion_d_over.gif]
